// Jest Snapshot v1, https://goo.gl/fbAQLP

exports[`CoinStats component renders correctly with mock data 1`] = `null`;
